
=== N = 1000 ===
  createe    com_indice   N=1000      7.691 ms
  retrieve   com_indice   N=1000      0.599 ms
  update     com_indice   N=1000      1.397 ms
  deletee    com_indice   N=1000      2.536 ms
  queryAll   com_indice   N=1000      2.014 ms
  queryBy    com_indice   N=1000      2.363 ms
  corretude (com indice) ok: 970 registros
  createe    sem_indice   N=1000      4.557 ms
  retrieve   sem_indice   N=1000      5.004 ms
  update     sem_indice   N=1000      4.888 ms
  deletee    sem_indice   N=1000     12.676 ms
  queryAll   sem_indice   N=1000      0.061 ms
  queryBy    sem_indice   N=1000      0.054 ms
  corretude (sem indice) ok: 970 registros

=== N = 5000 ===
  createe    com_indice   N=5000     24.949 ms
  retrieve   com_indice   N=5000      0.448 ms
  update     com_indice   N=5000      1.083 ms
  deletee    com_indice   N=5000      2.111 ms
  queryAll   com_indice   N=5000     14.712 ms
  queryBy    com_indice   N=5000     16.590 ms
  corretude (com indice) ok: 4970 registros
  createe    sem_indice   N=5000     40.609 ms
  retrieve   sem_indice   N=5000     28.301 ms
  update     sem_indice   N=5000     28.966 ms
  deletee    sem_indice   N=5000     28.335 ms
  queryAll   sem_indice   N=5000      0.364 ms
  queryBy    sem_indice   N=5000      0.347 ms
  corretude (sem indice) ok: 4970 registros

=== N = 20000 ===
  createe    com_indice   N=20000   144.634 ms
  retrieve   com_indice   N=20000     0.616 ms
  update     com_indice   N=20000     1.425 ms
  deletee    com_indice   N=20000     1.634 ms
  queryAll   com_indice   N=20000    63.841 ms
  queryBy    com_indice   N=20000    68.140 ms
  corretude (com indice) ok: 19970 registros
  createe    sem_indice   N=20000   144.889 ms
  retrieve   sem_indice   N=20000    93.408 ms
  update     sem_indice   N=20000    91.334 ms
  deletee    sem_indice   N=20000    69.959 ms
  queryAll   sem_indice   N=20000     1.835 ms
  queryBy    sem_indice   N=20000     1.737 ms
  corretude (sem indice) ok: 19970 registros

=== N = 50000 ===
  createe    com_indice   N=50000   355.045 ms
  retrieve   com_indice   N=50000     1.346 ms
  update     com_indice   N=50000     2.663 ms
  deletee    com_indice   N=50000     2.903 ms
  queryAll   com_indice   N=50000   169.488 ms
  queryBy    com_indice   N=50000   155.019 ms
  corretude (com indice) ok: 49970 registros
  createe    sem_indice   N=50000   219.129 ms
  retrieve   sem_indice   N=50000   293.544 ms
  update     sem_indice   N=50000   351.095 ms
  deletee    sem_indice   N=50000   200.153 ms
  queryAll   sem_indice   N=50000     3.005 ms
  queryBy    sem_indice   N=50000     2.769 ms
  corretude (sem indice) ok: 49970 registros

=== N = 100000 ===
  createe    com_indice   N=100000  742.578 ms
  retrieve   com_indice   N=100000    2.063 ms
  update     com_indice   N=100000    2.282 ms
  deletee    com_indice   N=100000    2.865 ms
  queryAll   com_indice   N=100000  485.536 ms
  queryBy    com_indice   N=100000  466.740 ms
  corretude (com indice) ok: 99970 registros
  createe    sem_indice   N=100000  491.189 ms
  retrieve   sem_indice   N=100000  916.051 ms
  update     sem_indice   N=100000  888.479 ms
  deletee    sem_indice   N=100000  358.745 ms
  queryAll   sem_indice   N=100000   10.302 ms
  queryBy    sem_indice   N=100000    9.073 ms
  corretude (sem indice) ok: 99970 registros

Resultados salvos em resultados.csv
