
=== N = 1000 ===
  createe    com_indice   N=1000      5.244 ms
  retrieve   com_indice   N=1000      0.417 ms
  update     com_indice   N=1000      1.277 ms
  deletee    com_indice   N=1000      1.985 ms
  queryAll   com_indice   N=1000      2.095 ms
  queryBy    com_indice   N=1000      1.928 ms
  corretude (com indice) ok: 970 registros
  createe    sem_indice   N=1000      4.518 ms
  retrieve   sem_indice   N=1000      5.069 ms
  update     sem_indice   N=1000      5.389 ms
  deletee    sem_indice   N=1000      9.351 ms
  queryAll   sem_indice   N=1000      0.070 ms
  queryBy    sem_indice   N=1000      0.062 ms
  corretude (sem indice) ok: 970 registros

=== N = 5000 ===
  createe    com_indice   N=5000     25.563 ms
  retrieve   com_indice   N=5000      0.524 ms
  update     com_indice   N=5000      1.535 ms
  deletee    com_indice   N=5000      1.953 ms
  queryAll   com_indice   N=5000     13.992 ms
  queryBy    com_indice   N=5000     21.940 ms
  corretude (com indice) ok: 4970 registros
  createe    sem_indice   N=5000     24.638 ms
  retrieve   sem_indice   N=5000     36.400 ms
  update     sem_indice   N=5000     43.825 ms
  deletee    sem_indice   N=5000     35.491 ms
  queryAll   sem_indice   N=5000      0.498 ms
  queryBy    sem_indice   N=5000      0.502 ms
  corretude (sem indice) ok: 4970 registros

=== N = 20000 ===
  createe    com_indice   N=20000   232.867 ms
  retrieve   com_indice   N=20000     1.217 ms
  update     com_indice   N=20000     3.206 ms
  deletee    com_indice   N=20000     4.890 ms
  queryAll   com_indice   N=20000    89.794 ms
  queryBy    com_indice   N=20000   121.724 ms
  corretude (com indice) ok: 19970 registros
  createe    sem_indice   N=20000   174.842 ms
  retrieve   sem_indice   N=20000   129.109 ms
  update     sem_indice   N=20000   193.462 ms
  deletee    sem_indice   N=20000   175.304 ms
  queryAll   sem_indice   N=20000     3.842 ms
  queryBy    sem_indice   N=20000     4.183 ms
  corretude (sem indice) ok: 19970 registros

=== N = 50000 ===
  createe    com_indice   N=50000   463.572 ms
  retrieve   com_indice   N=50000     0.641 ms
  update     com_indice   N=50000     1.476 ms
  deletee    com_indice   N=50000     1.751 ms
  queryAll   com_indice   N=50000   188.766 ms
  queryBy    com_indice   N=50000   251.421 ms
  corretude (com indice) ok: 49970 registros
  createe    sem_indice   N=50000   222.127 ms
  retrieve   sem_indice   N=50000   332.104 ms
  update     sem_indice   N=50000   328.793 ms
  deletee    sem_indice   N=50000   195.427 ms
  queryAll   sem_indice   N=50000     5.008 ms
  queryBy    sem_indice   N=50000     4.038 ms
  corretude (sem indice) ok: 49970 registros

=== N = 100000 ===
  createe    com_indice   N=100000  598.149 ms
  retrieve   com_indice   N=100000    1.091 ms
  update     com_indice   N=100000    1.865 ms
  deletee    com_indice   N=100000    1.767 ms
  queryAll   com_indice   N=100000  468.567 ms
  queryBy    com_indice   N=100000  532.349 ms
  corretude (com indice) ok: 99970 registros
  createe    sem_indice   N=100000  510.930 ms
  retrieve   sem_indice   N=100000  756.137 ms
  update     sem_indice   N=100000  830.727 ms
  deletee    sem_indice   N=100000  382.740 ms
  queryAll   sem_indice   N=100000   10.041 ms
  queryBy    sem_indice   N=100000   11.108 ms
  corretude (sem indice) ok: 99970 registros

Resultados salvos em resultados.csv
