
=== N = 1000 ===
  createe    com_indice   N=1000      4.896 ms
  retrieve   com_indice   N=1000      0.409 ms
  update     com_indice   N=1000      1.058 ms
  deletee    com_indice   N=1000      1.412 ms
  queryAll   com_indice   N=1000      2.000 ms
  queryBy    com_indice   N=1000      2.012 ms
  corretude (com indice) ok: 970 registros
  createe    sem_indice   N=1000      4.171 ms
  retrieve   sem_indice   N=1000      4.210 ms
  update     sem_indice   N=1000      5.737 ms
  deletee    sem_indice   N=1000     10.545 ms
  queryAll   sem_indice   N=1000      0.063 ms
  queryBy    sem_indice   N=1000      0.053 ms
  corretude (sem indice) ok: 970 registros

=== N = 5000 ===
  createe    com_indice   N=5000     27.130 ms
  retrieve   com_indice   N=5000      0.542 ms
  update     com_indice   N=5000      1.344 ms
  deletee    com_indice   N=5000      1.721 ms
  queryAll   com_indice   N=5000     11.748 ms
  queryBy    com_indice   N=5000     11.085 ms
  corretude (com indice) ok: 4970 registros
  createe    sem_indice   N=5000     22.313 ms
  retrieve   sem_indice   N=5000     24.819 ms
  update     sem_indice   N=5000     23.674 ms
  deletee    sem_indice   N=5000     25.194 ms
  queryAll   sem_indice   N=5000      0.429 ms
  queryBy    sem_indice   N=5000      0.289 ms
  corretude (sem indice) ok: 4970 registros

=== N = 20000 ===
  createe    com_indice   N=20000   103.680 ms
  retrieve   com_indice   N=20000     0.855 ms
  update     com_indice   N=20000     1.417 ms
  deletee    com_indice   N=20000     1.754 ms
  queryAll   com_indice   N=20000    48.978 ms
  queryBy    com_indice   N=20000    48.431 ms
  corretude (com indice) ok: 19970 registros
  createe    sem_indice   N=20000   101.412 ms
  retrieve   sem_indice   N=20000    88.806 ms
  update     sem_indice   N=20000   108.930 ms
  deletee    sem_indice   N=20000   113.759 ms
  queryAll   sem_indice   N=20000     3.641 ms
  queryBy    sem_indice   N=20000     3.366 ms
  corretude (sem indice) ok: 19970 registros

=== N = 50000 ===
  createe    com_indice   N=50000   375.586 ms
  retrieve   com_indice   N=50000     1.189 ms
  update     com_indice   N=50000     2.473 ms
  deletee    com_indice   N=50000     2.435 ms
  queryAll   com_indice   N=50000   132.785 ms
  queryBy    com_indice   N=50000   132.754 ms
  corretude (com indice) ok: 49970 registros
  createe    sem_indice   N=50000   239.915 ms
  retrieve   sem_indice   N=50000   351.127 ms
  update     sem_indice   N=50000   280.908 ms
  deletee    sem_indice   N=50000   207.579 ms
  queryAll   sem_indice   N=50000     3.975 ms
  queryBy    sem_indice   N=50000     4.112 ms
  corretude (sem indice) ok: 49970 registros

=== N = 100000 ===
  createe    com_indice   N=100000  592.403 ms
  retrieve   com_indice   N=100000    0.887 ms
  update     com_indice   N=100000    1.794 ms
  deletee    com_indice   N=100000    1.996 ms
  queryAll   com_indice   N=100000  426.861 ms
  queryBy    com_indice   N=100000  456.375 ms
  corretude (com indice) ok: 99970 registros
  createe    sem_indice   N=100000  577.328 ms
  retrieve   sem_indice   N=100000  864.041 ms
  update     sem_indice   N=100000  856.314 ms
  deletee    sem_indice   N=100000  340.706 ms
  queryAll   sem_indice   N=100000    8.967 ms
  queryBy    sem_indice   N=100000    8.275 ms
  corretude (sem indice) ok: 99970 registros

Resultados salvos em resultados.csv
