
=== N = 1000 ===
  createe    com_indice   N=1000      5.287 ms
  retrieve   com_indice   N=1000      0.430 ms
  update     com_indice   N=1000      1.267 ms
  deletee    com_indice   N=1000     28.750 ms
  queryAll   com_indice   N=1000      2.503 ms
  queryBy    com_indice   N=1000      1.949 ms
  corretude (com indice) ok: 970 registros
  createe    sem_indice   N=1000      5.337 ms
  retrieve   sem_indice   N=1000      5.420 ms
  update     sem_indice   N=1000      4.913 ms
  deletee    sem_indice   N=1000     13.748 ms
  queryAll   sem_indice   N=1000      0.075 ms
  queryBy    sem_indice   N=1000      0.064 ms
  corretude (sem indice) ok: 970 registros

=== N = 5000 ===
  createe    com_indice   N=5000     25.220 ms
  retrieve   com_indice   N=5000      0.449 ms
  update     com_indice   N=5000      1.090 ms
  deletee    com_indice   N=5000    208.578 ms
  queryAll   com_indice   N=5000     18.022 ms
  queryBy    com_indice   N=5000     15.471 ms
  corretude (com indice) ok: 4970 registros
  createe    sem_indice   N=5000     25.184 ms
  retrieve   sem_indice   N=5000     38.856 ms
  update     sem_indice   N=5000     34.906 ms
  deletee    sem_indice   N=5000     19.665 ms
  queryAll   sem_indice   N=5000      0.366 ms
  queryBy    sem_indice   N=5000      0.352 ms
  corretude (sem indice) ok: 4970 registros

=== N = 20000 ===
  createe    com_indice   N=20000   117.775 ms
  retrieve   com_indice   N=20000     0.639 ms
  update     com_indice   N=20000     1.411 ms
  deletee    com_indice   N=20000   768.092 ms
  queryAll   com_indice   N=20000    53.135 ms
  queryBy    com_indice   N=20000    66.282 ms
  corretude (com indice) ok: 19970 registros
  createe    sem_indice   N=20000   106.979 ms
  retrieve   sem_indice   N=20000   108.880 ms
  update     sem_indice   N=20000    91.418 ms
  deletee    sem_indice   N=20000    74.972 ms
  queryAll   sem_indice   N=20000     1.634 ms
  queryBy    sem_indice   N=20000     1.470 ms
  corretude (sem indice) ok: 19970 registros

=== N = 50000 ===
  createe    com_indice   N=50000   367.211 ms
  retrieve   com_indice   N=50000     1.465 ms
  update     com_indice   N=50000     3.965 ms
  deletee    com_indice   N=50000  2405.790 ms
  queryAll   com_indice   N=50000   155.876 ms
  queryBy    com_indice   N=50000   171.851 ms
  corretude (com indice) ok: 49970 registros
  createe    sem_indice   N=50000   271.353 ms
  retrieve   sem_indice   N=50000   268.911 ms
  update     sem_indice   N=50000   233.296 ms
  deletee    sem_indice   N=50000   174.000 ms
  queryAll   sem_indice   N=50000     3.355 ms
  queryBy    sem_indice   N=50000     3.224 ms
  corretude (sem indice) ok: 49970 registros

=== N = 100000 ===
  createe    com_indice   N=100000  861.063 ms
  retrieve   com_indice   N=100000    1.706 ms
  update     com_indice   N=100000    2.407 ms
  deletee    com_indice   N=100000 5394.881 ms
  queryAll   com_indice   N=100000  582.287 ms
  queryBy    com_indice   N=100000  504.001 ms
  corretude (com indice) ok: 99970 registros
  createe    sem_indice   N=100000  467.158 ms
  retrieve   sem_indice   N=100000  711.097 ms
  update     sem_indice   N=100000  891.171 ms
  deletee    sem_indice   N=100000  354.441 ms
  queryAll   sem_indice   N=100000    7.168 ms
  queryBy    sem_indice   N=100000    7.454 ms
  corretude (sem indice) ok: 99970 registros

Resultados salvos em resultados.csv
