
=== N = 1000 ===
  createe    com_indice   N=1000     14.310 ms
  retrieve   com_indice   N=1000      1.178 ms
  update     com_indice   N=1000      2.623 ms
  deletee    com_indice   N=1000      4.008 ms
  queryAll   com_indice   N=1000      4.843 ms
  queryBy    com_indice   N=1000      4.150 ms
  corretude (com indice) ok: 970 registros
  createe    sem_indice   N=1000      7.143 ms
  retrieve   sem_indice   N=1000      6.523 ms
  update     sem_indice   N=1000      5.563 ms
  deletee    sem_indice   N=1000     10.461 ms
  queryAll   sem_indice   N=1000      0.053 ms
  queryBy    sem_indice   N=1000      0.047 ms
  corretude (sem indice) ok: 970 registros

=== N = 5000 ===
  createe    com_indice   N=5000     29.772 ms
  retrieve   com_indice   N=5000      0.496 ms
  update     com_indice   N=5000      1.173 ms
  deletee    com_indice   N=5000      2.778 ms
  queryAll   com_indice   N=5000     20.502 ms
  queryBy    com_indice   N=5000     12.262 ms
  corretude (com indice) ok: 4970 registros
  createe    sem_indice   N=5000     39.839 ms
  retrieve   sem_indice   N=5000     27.432 ms
  update     sem_indice   N=5000     28.305 ms
  deletee    sem_indice   N=5000     28.418 ms
  queryAll   sem_indice   N=5000      0.493 ms
  queryBy    sem_indice   N=5000      0.378 ms
  corretude (sem indice) ok: 4970 registros

=== N = 20000 ===
  createe    com_indice   N=20000   149.478 ms
  retrieve   com_indice   N=20000     0.581 ms
  update     com_indice   N=20000     1.236 ms
  deletee    com_indice   N=20000     1.520 ms
  queryAll   com_indice   N=20000    52.895 ms
  queryBy    com_indice   N=20000    57.756 ms
  corretude (com indice) ok: 19970 registros
  createe    sem_indice   N=20000   101.000 ms
  retrieve   sem_indice   N=20000    94.005 ms
  update     sem_indice   N=20000   130.388 ms
  deletee    sem_indice   N=20000    79.669 ms
  queryAll   sem_indice   N=20000     2.091 ms
  queryBy    sem_indice   N=20000     1.556 ms
  corretude (sem indice) ok: 19970 registros

=== N = 50000 ===
  createe    com_indice   N=50000   288.288 ms
  retrieve   com_indice   N=50000     1.043 ms
  update     com_indice   N=50000     2.300 ms
  deletee    com_indice   N=50000     2.590 ms
  queryAll   com_indice   N=50000   135.175 ms
  queryBy    com_indice   N=50000   143.784 ms
  corretude (com indice) ok: 49970 registros
  createe    sem_indice   N=50000   268.568 ms
  retrieve   sem_indice   N=50000   271.178 ms
  update     sem_indice   N=50000   351.388 ms
  deletee    sem_indice   N=50000   213.855 ms
  queryAll   sem_indice   N=50000     7.887 ms
  queryBy    sem_indice   N=50000     4.791 ms
  corretude (sem indice) ok: 49970 registros

=== N = 100000 ===
  createe    com_indice   N=100000  714.290 ms
  retrieve   com_indice   N=100000    1.345 ms
  update     com_indice   N=100000    2.856 ms
  deletee    com_indice   N=100000    3.117 ms
  queryAll   com_indice   N=100000  466.996 ms
  queryBy    com_indice   N=100000  460.150 ms
  corretude (com indice) ok: 99970 registros
  createe    sem_indice   N=100000  488.242 ms
  retrieve   sem_indice   N=100000  851.854 ms
  update     sem_indice   N=100000  934.082 ms
  deletee    sem_indice   N=100000  372.750 ms
  queryAll   sem_indice   N=100000    9.595 ms
  queryBy    sem_indice   N=100000   10.302 ms
  corretude (sem indice) ok: 99970 registros

Resultados salvos em resultados.csv
