
=== N = 1000 ===
  createe    com_indice   N=1000      7.114 ms
  retrieve   com_indice   N=1000      0.490 ms
  update     com_indice   N=1000      1.312 ms
  deletee    com_indice   N=1000      2.599 ms
  queryAll   com_indice   N=1000      2.733 ms
  queryBy    com_indice   N=1000      3.262 ms
  corretude (com indice) ok: 970 registros
  createe    sem_indice   N=1000      7.894 ms
  retrieve   sem_indice   N=1000      6.480 ms
  update     sem_indice   N=1000      6.797 ms
  deletee    sem_indice   N=1000     18.667 ms
  queryAll   sem_indice   N=1000      0.095 ms
  queryBy    sem_indice   N=1000      0.087 ms
  corretude (sem indice) ok: 970 registros

=== N = 5000 ===
  createe    com_indice   N=5000     27.229 ms
  retrieve   com_indice   N=5000      0.440 ms
  update     com_indice   N=5000      1.436 ms
  deletee    com_indice   N=5000      2.376 ms
  queryAll   com_indice   N=5000     12.642 ms
  queryBy    com_indice   N=5000     14.312 ms
  corretude (com indice) ok: 4970 registros
  createe    sem_indice   N=5000     25.393 ms
  retrieve   sem_indice   N=5000     36.737 ms
  update     sem_indice   N=5000     47.340 ms
  deletee    sem_indice   N=5000     57.428 ms
  queryAll   sem_indice   N=5000      1.103 ms
  queryBy    sem_indice   N=5000      0.909 ms
  corretude (sem indice) ok: 4970 registros

=== N = 20000 ===
  createe    com_indice   N=20000   178.805 ms
  retrieve   com_indice   N=20000     0.611 ms
  update     com_indice   N=20000     2.341 ms
  deletee    com_indice   N=20000     2.734 ms
  queryAll   com_indice   N=20000    69.819 ms
  queryBy    com_indice   N=20000    61.980 ms
  corretude (com indice) ok: 19970 registros
  createe    sem_indice   N=20000   113.574 ms
  retrieve   sem_indice   N=20000   111.845 ms
  update     sem_indice   N=20000    78.177 ms
  deletee    sem_indice   N=20000   161.334 ms
  queryAll   sem_indice   N=20000     2.909 ms
  queryBy    sem_indice   N=20000     3.309 ms
  corretude (sem indice) ok: 19970 registros

=== N = 50000 ===
  createe    com_indice   N=50000   419.627 ms
  retrieve   com_indice   N=50000     0.776 ms
  update     com_indice   N=50000     1.842 ms
  deletee    com_indice   N=50000     1.839 ms
  queryAll   com_indice   N=50000   135.402 ms
  queryBy    com_indice   N=50000   140.295 ms
  corretude (com indice) ok: 49970 registros
  createe    sem_indice   N=50000   225.476 ms
  retrieve   sem_indice   N=50000   294.352 ms
  update     sem_indice   N=50000   307.051 ms
  deletee    sem_indice   N=50000   167.760 ms
  queryAll   sem_indice   N=50000     5.072 ms
  queryBy    sem_indice   N=50000     5.262 ms
  corretude (sem indice) ok: 49970 registros

=== N = 100000 ===
  createe    com_indice   N=100000  740.027 ms
  retrieve   com_indice   N=100000    1.344 ms
  update     com_indice   N=100000    1.986 ms
  deletee    com_indice   N=100000    2.288 ms
  queryAll   com_indice   N=100000  449.699 ms
  queryBy    com_indice   N=100000  417.415 ms
  corretude (com indice) ok: 99970 registros
  createe    sem_indice   N=100000  562.526 ms
  retrieve   sem_indice   N=100000  851.923 ms
  update     sem_indice   N=100000  973.125 ms
  deletee    sem_indice   N=100000  394.237 ms
  queryAll   sem_indice   N=100000    8.089 ms
  queryBy    sem_indice   N=100000    9.576 ms
  corretude (sem indice) ok: 99970 registros

Resultados salvos em resultados.csv
