
=== N = 1000 ===
  createe    com_indice   N=1000      6.942 ms
  retrieve   com_indice   N=1000      0.685 ms
  update     com_indice   N=1000      1.601 ms
  deletee    com_indice   N=1000      2.102 ms
  queryAll   com_indice   N=1000      2.167 ms
  queryBy    com_indice   N=1000      1.907 ms
  corretude (com indice) ok: 970 registros
  createe    sem_indice   N=1000      4.168 ms
  retrieve   sem_indice   N=1000      4.523 ms
  update     sem_indice   N=1000      4.761 ms
  deletee    sem_indice   N=1000      9.849 ms
  queryAll   sem_indice   N=1000      0.066 ms
  queryBy    sem_indice   N=1000      0.059 ms
  corretude (sem indice) ok: 970 registros

=== N = 5000 ===
  createe    com_indice   N=5000     26.771 ms
  retrieve   com_indice   N=5000      0.734 ms
  update     com_indice   N=5000      1.685 ms
  deletee    com_indice   N=5000      2.068 ms
  queryAll   com_indice   N=5000     14.045 ms
  queryBy    com_indice   N=5000     11.825 ms
  corretude (com indice) ok: 4970 registros
  createe    sem_indice   N=5000     22.511 ms
  retrieve   sem_indice   N=5000     19.578 ms
  update     sem_indice   N=5000     19.494 ms
  deletee    sem_indice   N=5000     19.706 ms
  queryAll   sem_indice   N=5000      0.383 ms
  queryBy    sem_indice   N=5000      0.352 ms
  corretude (sem indice) ok: 4970 registros

=== N = 20000 ===
  createe    com_indice   N=20000   114.485 ms
  retrieve   com_indice   N=20000     0.723 ms
  update     com_indice   N=20000     1.420 ms
  deletee    com_indice   N=20000     1.458 ms
  queryAll   com_indice   N=20000    51.066 ms
  queryBy    com_indice   N=20000    50.858 ms
  corretude (com indice) ok: 19970 registros
  createe    sem_indice   N=20000    79.448 ms
  retrieve   sem_indice   N=20000    84.027 ms
  update     sem_indice   N=20000    87.117 ms
  deletee    sem_indice   N=20000    72.510 ms
  queryAll   sem_indice   N=20000     1.609 ms
  queryBy    sem_indice   N=20000     1.410 ms
  corretude (sem indice) ok: 19970 registros

=== N = 50000 ===
  createe    com_indice   N=50000   313.381 ms
  retrieve   com_indice   N=50000     1.035 ms
  update     com_indice   N=50000     1.869 ms
  deletee    com_indice   N=50000     1.885 ms
  queryAll   com_indice   N=50000   159.783 ms
  queryBy    com_indice   N=50000   136.772 ms
  corretude (com indice) ok: 49970 registros
  createe    sem_indice   N=50000   225.721 ms
  retrieve   sem_indice   N=50000   318.915 ms
  update     sem_indice   N=50000   345.769 ms
  deletee    sem_indice   N=50000   176.892 ms
  queryAll   sem_indice   N=50000     4.061 ms
  queryBy    sem_indice   N=50000     4.538 ms
  corretude (sem indice) ok: 49970 registros

=== N = 100000 ===
  createe    com_indice   N=100000  666.864 ms
  retrieve   com_indice   N=100000    1.561 ms
  update     com_indice   N=100000    1.860 ms
  deletee    com_indice   N=100000    2.665 ms
  queryAll   com_indice   N=100000  460.872 ms
  queryBy    com_indice   N=100000  470.385 ms
  corretude (com indice) ok: 99970 registros
  createe    sem_indice   N=100000  516.002 ms
  retrieve   sem_indice   N=100000  811.183 ms
  update     sem_indice   N=100000  810.861 ms
  deletee    sem_indice   N=100000  353.392 ms
  queryAll   sem_indice   N=100000    8.341 ms
  queryBy    sem_indice   N=100000    9.426 ms
  corretude (sem indice) ok: 99970 registros

Resultados salvos em resultados.csv
