
=== N = 1000 ===
  createe    com_indice   N=1000      6.660 ms
  retrieve   com_indice   N=1000      0.501 ms
  update     com_indice   N=1000      1.244 ms
  deletee    com_indice   N=1000      1.637 ms
  queryAll   com_indice   N=1000      2.339 ms
  queryBy    com_indice   N=1000      2.299 ms
  corretude (com indice) ok: 970 registros
  createe    sem_indice   N=1000      4.461 ms
  retrieve   sem_indice   N=1000      4.661 ms
  update     sem_indice   N=1000      4.702 ms
  deletee    sem_indice   N=1000      9.407 ms
  queryAll   sem_indice   N=1000      0.069 ms
  queryBy    sem_indice   N=1000      0.044 ms
  corretude (sem indice) ok: 970 registros

=== N = 5000 ===
  createe    com_indice   N=5000     23.979 ms
  retrieve   com_indice   N=5000      0.445 ms
  update     com_indice   N=5000      1.086 ms
  deletee    com_indice   N=5000      1.434 ms
  queryAll   com_indice   N=5000     17.588 ms
  queryBy    com_indice   N=5000     16.338 ms
  corretude (com indice) ok: 4970 registros
  createe    sem_indice   N=5000     47.312 ms
  retrieve   sem_indice   N=5000     47.759 ms
  update     sem_indice   N=5000     24.651 ms
  deletee    sem_indice   N=5000     22.903 ms
  queryAll   sem_indice   N=5000      0.293 ms
  queryBy    sem_indice   N=5000      0.263 ms
  corretude (sem indice) ok: 4970 registros

=== N = 20000 ===
  createe    com_indice   N=20000   101.139 ms
  retrieve   com_indice   N=20000     0.474 ms
  update     com_indice   N=20000     1.111 ms
  deletee    com_indice   N=20000     1.379 ms
  queryAll   com_indice   N=20000    55.120 ms
  queryBy    com_indice   N=20000    50.640 ms
  corretude (com indice) ok: 19970 registros
  createe    sem_indice   N=20000   129.875 ms
  retrieve   sem_indice   N=20000    80.364 ms
  update     sem_indice   N=20000   146.123 ms
  deletee    sem_indice   N=20000    93.559 ms
  queryAll   sem_indice   N=20000     1.660 ms
  queryBy    sem_indice   N=20000     1.754 ms
  corretude (sem indice) ok: 19970 registros

=== N = 50000 ===
  createe    com_indice   N=50000   336.410 ms
  retrieve   com_indice   N=50000     0.602 ms
  update     com_indice   N=50000     1.348 ms
  deletee    com_indice   N=50000     1.581 ms
  queryAll   com_indice   N=50000   140.310 ms
  queryBy    com_indice   N=50000   144.911 ms
  corretude (com indice) ok: 49970 registros
  createe    sem_indice   N=50000   261.045 ms
  retrieve   sem_indice   N=50000   256.500 ms
  update     sem_indice   N=50000   235.395 ms
  deletee    sem_indice   N=50000   186.399 ms
  queryAll   sem_indice   N=50000     4.506 ms
  queryBy    sem_indice   N=50000     5.088 ms
  corretude (sem indice) ok: 49970 registros

=== N = 100000 ===
  createe    com_indice   N=100000  889.171 ms
  retrieve   com_indice   N=100000    0.982 ms
  update     com_indice   N=100000    1.993 ms
  deletee    com_indice   N=100000    2.301 ms
  queryAll   com_indice   N=100000  522.784 ms
  queryBy    com_indice   N=100000  470.062 ms
  corretude (com indice) ok: 99970 registros
  createe    sem_indice   N=100000  450.034 ms
  retrieve   sem_indice   N=100000  811.774 ms
  update     sem_indice   N=100000  953.419 ms
  deletee    sem_indice   N=100000  463.899 ms
  queryAll   sem_indice   N=100000   10.945 ms
  queryBy    sem_indice   N=100000   10.088 ms
  corretude (sem indice) ok: 99970 registros

Resultados salvos em resultados.csv
